WARNING: Failed to find function "__sanitizer_acquire_crash_state".
WARNING: Failed to find function "__sanitizer_print_stack_trace".
WARNING: Failed to find function "__sanitizer_set_death_callback".
INFO: Running with entropic power schedule (0xFF, 100).
INFO: Seed: 2125410908
MERGE-OUTER: 897 files, 0 in the initial corpus, 0 processed earlier
MERGE-OUTER: attempt 1
WARNING: Failed to find function "__sanitizer_acquire_crash_state".
WARNING: Failed to find function "__sanitizer_print_stack_trace".
WARNING: Failed to find function "__sanitizer_set_death_callback".
INFO: Running with entropic power schedule (0xFF, 100).
INFO: Seed: 2125426980
INFO: -max_len is not provided; libFuzzer will not generate inputs larger than 1048576 bytes
MERGE-INNER: using the control file '/tmp/libFuzzerTemp.Merge238.txt'
MERGE-INNER: 897 total files; 0 processed earlier; will process 897 files now
#1	pulse  exec/s: 0 rss: 26Mb
#2	pulse  exec/s: 0 rss: 26Mb
#4	pulse  exec/s: 0 rss: 26Mb
#8	pulse  exec/s: 0 rss: 26Mb
#16	pulse  exec/s: 0 rss: 26Mb
#32	pulse  exec/s: 0 rss: 26Mb
#64	pulse  exec/s: 0 rss: 26Mb
#128	pulse  exec/s: 0 rss: 26Mb
#256	pulse  exec/s: 0 rss: 26Mb
#512	pulse  exec/s: 0 rss: 26Mb
#897	DONE   exec/s: 0 rss: 27Mb
MERGE-OUTER: successful in 1 attempt(s)
MERGE-OUTER: the control file has 112066 bytes
MERGE-OUTER: consumed 0Mb (26Mb rss) to parse the control file
MERGE-OUTER: 0 new files with 0 new features added; 0 new coverage edges
